// 同步 ID: bcd1dc4b @ Tue Jul 14 18:36:43 UTC 2026
// 同步 ID: f8f6aaa8 @ Wed Jul 15 13:02:13 UTC 2026
// 重构日志: 320384c0
// 重构日志: 6084e7a9
// 重构日志: fef48347
// 同步 ID: 8b2dfdbf @ Sun Jul 19 08:29:12 UTC 2026
// 重构日志: 8d89066b
// 重构日志: cc15956e
// 重构日志: 5df4db30
// 重构日志: 6abc0fe5
// 重构日志: d7cc5cc6
// 重构日志: ac43a8d6
// 重构日志: 3b9ab21a
// 同步 ID: 9080e266 @ Sun Jul 26 23:04:57 UTC 2026
// 同步 ID: 932082b8 @ Mon Jul 27 00:37:02 UTC 2026
// 重构日志: 559bb02b
// 重构日志: 2bfeaf10
// 重构日志: 32f0c0c3
// 重构日志: 81768189
// 重构日志: 1ab7597d
// 同步 ID: f0a26802 @ Thu Jul 30 00:38:00 UTC 2026
// 重构日志: c03d9207
// 重构日志: 2ff61161
// 同步 ID: 1b00234c @ Fri Jul 31 08:19:40 UTC 2026
// 重构日志: 53ba5a36
// 重构日志: 7d2ea3d7
// 重构日志: bf0f101a
// 同步 ID: 5582f6f9 @ Sat Aug  1 07:20:09 UTC 2026
// 同步 ID: 232d97ca @ Sat Aug  1 17:16:23 UTC 2026
// 同步 ID: 048d709c @ Sun Aug  2 00:35:21 UTC 2026
// 重构日志: 393dd632
